2026-01-07 19:05:04 | INFO     | __main__ | Run ID: 20260107_190504_11080e
2026-01-07 19:05:04 | INFO     | __main__ | Run directory: /Users/davidwilkinson/Desktop/ETS 2/runs/20260107_190504_11080e
2026-01-07 19:05:04 | INFO     | __main__ | 
======================================================================
2026-01-07 19:05:04 | INFO     | __main__ | STEP 2: Building data panel
2026-01-07 19:05:04 | INFO     | __main__ | ======================================================================
2026-01-07 19:05:04 | INFO     | data.panel | ============================================================
2026-01-07 19:05:04 | INFO     | data.panel | Building panel dataset
2026-01-07 19:05:04 | INFO     | data.panel | Target source: eua_futures (EUA_FUTURES)
2026-01-07 19:05:04 | INFO     | data.panel | ============================================================
2026-01-07 19:05:04 | INFO     | data.panel | 
[1/7] Loading target series (EUA Futures)...
2026-01-07 19:05:04 | INFO     | data.load_eua_futures | Loading EUA futures file: European Union Allowance (EUA) Yearly Futures Historical Data UK-2.csv
2026-01-07 19:05:04 | INFO     | data.load_eua_futures | Loaded EUA futures: 4311 records from 2009-04-01 00:00:00 to 2026-01-05 00:00:00
2026-01-07 19:05:04 | INFO     | data.load_eua_futures | Combined EUA futures data: 4311 records from 2009-04-01 00:00:00 to 2026-01-05 00:00:00
2026-01-07 19:05:04 | INFO     | data.load_eua_futures | EUA futures target series: 4311 records, price range: 2.75 - 100.29 EUR
2026-01-07 19:05:04 | INFO     | data.panel | EUA Futures loaded: 4311 records
2026-01-07 19:05:04 | INFO     | data.panel | Master calendar: 4311 days from 2009-04-01 00:00:00 to 2026-01-05 00:00:00
2026-01-07 19:05:04 | INFO     | data.panel | Target coverage: 4311 / 4311 days
2026-01-07 19:05:04 | INFO     | data.panel | Adding EUA futures OHLC and volume features...
2026-01-07 19:05:04 | INFO     | data.panel | Added EUA features: ['eua_high', 'eua_low', 'eua_volume', 'eua_range', 'eua_range_pct']
2026-01-07 19:05:04 | INFO     | data.panel | Adding ICAP secondary market as exogenous feature...
2026-01-07 19:05:04 | INFO     | data.load_icap | Loaded ICAP file: 3481 records from 2005-03-09 00:00:00 to 2018-12-28 00:00:00
2026-01-07 19:05:04 | INFO     | data.load_icap | Loaded ICAP file: 1503 records from 2019-01-07 00:00:00 to 2025-09-30 00:00:00
2026-01-07 19:05:04 | INFO     | data.load_icap | Combined ICAP data: 4984 records from 2005-03-09 00:00:00 to 2025-09-30 00:00:00
2026-01-07 19:05:04 | INFO     | data.load_icap | ICAP target series: 2866 daily prices
2026-01-07 19:05:04 | INFO     | data.panel | Added ICAP secondary market feature
2026-01-07 19:05:04 | INFO     | data.panel | 
[2/7] Loading FX rates...
2026-01-07 19:05:04 | INFO     | data.fx | Loaded EUR/USD FX rates: 6910 observations from 1999-01-04 00:00:00 to 2025-12-24 00:00:00
2026-01-07 19:05:04 | INFO     | data.panel | 
[3/7] Loading energy benchmarks...
2026-01-07 19:05:04 | WARNING  | data.load_energy | Brent: Dropped 2 rows with invalid dates
2026-01-07 19:05:04 | INFO     | data.load_energy | Loaded Brent crude: 9774 records from 1987-05-20 00:00:00 to 2025-11-24 00:00:00
2026-01-07 19:05:05 | INFO     | data.load_energy | Loaded Rotterdam coal: 4967 records from 2006-07-18 00:00:00 to 2025-11-27 00:00:00
2026-01-07 19:05:05 | WARNING  | data.fx | FX conversion: 30.2% of rows still missing FX rate after forward-fill
2026-01-07 19:05:05 | INFO     | data.fx | Converted 6823 prices from USD to EUR
2026-01-07 19:05:05 | INFO     | data.fx | Converted 4967 prices from USD to EUR
2026-01-07 19:05:05 | INFO     | data.panel | 
[4/7] Loading carbon indices...
2026-01-07 19:05:05 | INFO     | data.load_indices | Loaded KEUA: 1042 records from 2021-10-05 00:00:00 to 2025-11-26 00:00:00
2026-01-07 19:05:05 | INFO     | data.load_indices | Loaded KRBN: 1339 records from 2020-07-31 00:00:00 to 2025-11-26 00:00:00
2026-01-07 19:05:05 | INFO     | data.load_indices | Loaded GRN: 1558 records from 2019-09-18 00:00:00 to 2025-11-26 00:00:00
2026-01-07 19:05:05 | INFO     | data.load_indices | Loaded 3 carbon market indices
2026-01-07 19:05:05 | INFO     | data.fx | Converted 1042 prices from USD to EUR
2026-01-07 19:05:05 | INFO     | data.fx | Converted 1339 prices from USD to EUR
2026-01-07 19:05:05 | INFO     | data.fx | Converted 1558 prices from USD to EUR
2026-01-07 19:05:05 | INFO     | data.panel | 
[5/7] Loading auction data...
2026-01-07 19:05:05 | INFO     | data.load_auctions | Parsed emission-spot-primary-market-auction-report-2017-data(Primary Market Auction).csv: 206 auction records
2026-01-07 19:05:05 | INFO     | data.load_auctions | Parsed emission-spot-primary-market-auction-report-2018-data(Primary Market Auction).csv: 209 auction records
2026-01-07 19:05:05 | INFO     | data.load_auctions | Parsed emission-spot-primary-market-auction-report-2019-data(Primary Market Auction).csv: 216 auction records
2026-01-07 19:05:05 | INFO     | data.load_auctions | Parsed emission-spot-primary-market-auction-report-2020-data(Primary Market Auction).csv: 218 auction records
2026-01-07 19:05:05 | INFO     | data.load_auctions | Parsed emission-spot-primary-market-auction-report-2021-data(Primary Market Auction).csv: 230 auction records
2026-01-07 19:05:05 | INFO     | data.load_auctions | Parsed emission-spot-primary-market-auction-report-2022-data(Primary Market Auction).csv: 222 auction records
2026-01-07 19:05:05 | INFO     | data.load_auctions | Parsed emission-spot-primary-market-auction-report-2023-data(Primary Market Auction).csv: 223 auction records
2026-01-07 19:05:05 | INFO     | data.load_auctions | Parsed emission-spot-primary-market-auction-report-2024-data(Primary Market Auction).csv: 221 auction records
2026-01-07 19:05:05 | INFO     | data.load_auctions | Parsed emission-spot-primary-market-auction-report-2025-data(Primary Market Auction).csv: 200 auction records
2026-01-07 19:05:05 | INFO     | data.load_auctions | Loaded 1945 total auction records from 9 files
2026-01-07 19:05:05 | INFO     | data.load_auctions | Date range: 2017-01-09 00:00:00 to 2025-11-25 00:00:00
2026-01-07 19:05:05 | INFO     | data.panel | 
[6/7] Loading VSTOXX...
2026-01-07 19:05:05 | INFO     | data.load_vstoxx | Loaded VSTOXX: 6851 records from 1999-01-04 00:00:00 to 2025-11-26 00:00:00
2026-01-07 19:05:05 | INFO     | data.panel | 
[7/7] Creating target features...
2026-01-07 19:05:05 | INFO     | data.panel | Saved panel to /Users/davidwilkinson/Desktop/ETS 2/runs/20260107_190504_11080e/data
2026-01-07 19:05:05 | INFO     | data.panel | ============================================================
2026-01-07 19:05:05 | INFO     | data.panel | Panel built: 4311 rows, 40 columns
2026-01-07 19:05:05 | INFO     | data.panel | Target coverage: 100.0%
2026-01-07 19:05:05 | INFO     | data.panel | ============================================================
2026-01-07 19:05:06 | INFO     | data.panel | Saved coverage heatmap to /Users/davidwilkinson/Desktop/ETS 2/runs/20260107_190504_11080e/paper_snapshot/fig_data_coverage.png
2026-01-07 19:05:06 | INFO     | __main__ | 
======================================================================
2026-01-07 19:05:06 | INFO     | __main__ | STEP 3: Creating windows and splitting data
2026-01-07 19:05:06 | INFO     | __main__ | ======================================================================
2026-01-07 19:05:06 | INFO     | data.windows | Creating windows with 11 features, mode=MS
2026-01-07 19:05:06 | INFO     | data.windows | Creating 4222 windows
2026-01-07 19:05:06 | INFO     | data.windows | Window shapes: X_enc=(4222, 60, 11), X_dec=(4222, 45, 11), y=(4222, 30)
2026-01-07 19:05:06 | INFO     | data.windows | train: 3608 windows
2026-01-07 19:05:06 | INFO     | data.windows | val: 255 windows
2026-01-07 19:05:06 | INFO     | data.windows | test: 359 windows
2026-01-07 19:05:06 | INFO     | data.windows | Saved datasets to /Users/davidwilkinson/Desktop/ETS 2/runs/20260107_190504_11080e/data/datasets
2026-01-07 19:05:06 | INFO     | __main__ | 
======================================================================
2026-01-07 19:05:06 | INFO     | __main__ | STEP 4: Training and evaluating baselines
2026-01-07 19:05:06 | INFO     | __main__ | ======================================================================
2026-01-07 19:05:08 | INFO     | __main__ | LASSO selected horizon-specific features for 4 horizons
2026-01-07 19:05:08 | INFO     | models.baselines | Fitted 30 linear models
2026-01-07 19:05:08 | INFO     | models.baselines | Fitted 30 linear models
2026-01-07 19:05:08 | INFO     | __main__ | 
Baseline Results (MSE by horizon):
2026-01-07 19:05:08 | INFO     | __main__ | 
naive_persistence:
2026-01-07 19:05:08 | INFO     | __main__ |                mse      rmse       mae      mape
horizon                                         
1         1.416031  1.189971  0.963454  1.360579
5         6.543584  2.558043  2.043733  2.897462
20       25.938980  5.093032  3.972535  5.521094
30       37.794167  6.147696  4.985906  6.844857
2026-01-07 19:05:08 | INFO     | __main__ | 
seasonal_naive:
2026-01-07 19:05:08 | INFO     | __main__ |                mse      rmse       mae      mape
horizon                                         
1         6.642022  2.577212  2.067103  2.932119
5         6.543584  2.558043  2.043733  2.897462
20       25.938978  5.093032  3.972535  5.521094
30       37.794169  6.147696  4.985906  6.844857
2026-01-07 19:05:08 | INFO     | __main__ | 
linear_ridge:
2026-01-07 19:05:08 | INFO     | __main__ |                mse      rmse       mae      mape
horizon                                         
1         1.430786  1.196155  0.969301  1.368408
5         6.776788  2.603226  2.073692  2.945110
20       26.949851  5.191325  3.963449  5.617849
30       35.867324  5.988933  4.759430  6.638536
2026-01-07 19:05:08 | INFO     | __main__ | 
linear_lasso:
2026-01-07 19:05:08 | INFO     | __main__ |                mse      rmse       mae      mape
horizon                                         
1         5.249424  2.291162  1.996119  2.772775
5        10.064285  3.172426  2.635072  3.653516
20       28.228351  5.313036  4.423775  6.080842
30       37.740303  6.143314  5.100215  6.969766
2026-01-07 19:05:08 | INFO     | __main__ | 
======================================================================
2026-01-07 19:05:08 | INFO     | __main__ | STEP 4B: Quantile LASSO (feature selection + quantiles)
2026-01-07 19:05:08 | INFO     | __main__ | ======================================================================
2026-01-07 19:05:35 | INFO     | __main__ | 
======================================================================
2026-01-07 19:05:35 | INFO     | __main__ | STEP 5: TSM model training
2026-01-07 19:05:35 | INFO     | __main__ | ======================================================================
2026-01-07 19:05:35 | INFO     | models.tsm | Building TSM model: type=autoformer, seq_len=60, pred_len=30
2026-01-07 19:05:35 | INFO     | models.tsm | Built Autoformer model with 68033 parameters
2026-01-07 19:05:37 | INFO     | models.tsm | Epoch 1/50 - Train: 0.169562, Val: 0.057798
2026-01-07 19:05:38 | INFO     | models.tsm | Epoch 2/50 - Train: 0.106845, Val: 0.056406
2026-01-07 19:05:39 | INFO     | models.tsm | Epoch 3/50 - Train: 0.103852, Val: 0.056513
2026-01-07 19:05:39 | INFO     | models.tsm | Epoch 4/50 - Train: 0.103726, Val: 0.056747
2026-01-07 19:05:40 | INFO     | models.tsm | Epoch 5/50 - Train: 0.101690, Val: 0.056463
2026-01-07 19:05:41 | INFO     | models.tsm | Epoch 6/50 - Train: 0.101701, Val: 0.057156
2026-01-07 19:05:42 | INFO     | models.tsm | Epoch 7/50 - Train: 0.100062, Val: 0.056876
2026-01-07 19:05:42 | INFO     | models.tsm | Epoch 8/50 - Train: 0.099857, Val: 0.056589
2026-01-07 19:05:43 | INFO     | models.tsm | Epoch 9/50 - Train: 0.099514, Val: 0.056828
2026-01-07 19:05:44 | INFO     | models.tsm | Epoch 10/50 - Train: 0.098981, Val: 0.057147
2026-01-07 19:05:45 | INFO     | models.tsm | Epoch 11/50 - Train: 0.099054, Val: 0.057244
2026-01-07 19:05:45 | INFO     | models.tsm | Epoch 12/50 - Train: 0.098685, Val: 0.057190
2026-01-07 19:05:46 | INFO     | models.tsm | Epoch 13/50 - Train: 0.098352, Val: 0.058727
2026-01-07 19:05:47 | INFO     | models.tsm | Epoch 14/50 - Train: 0.097953, Val: 0.057467
2026-01-07 19:05:47 | INFO     | models.tsm | Epoch 15/50 - Train: 0.098037, Val: 0.057067
2026-01-07 19:05:48 | INFO     | models.tsm | Epoch 16/50 - Train: 0.097594, Val: 0.056601
2026-01-07 19:05:49 | INFO     | models.tsm | Epoch 17/50 - Train: 0.097979, Val: 0.056923
2026-01-07 19:05:49 | INFO     | models.tsm | Early stopping at epoch 17
2026-01-07 19:05:49 | INFO     | __main__ | 
TSM Results:
2026-01-07 19:05:49 | INFO     | __main__ |                mse      rmse       mae      mape
horizon                                         
1         0.097459  0.312184  0.243567  0.341986
5         1.890105  1.374811  1.048756  1.471557
20       19.232149  4.385448  3.385018  4.726893
30       40.764973  6.384745  5.022877  6.993155
2026-01-07 19:05:49 | INFO     | models.tsm | Building TSM model: type=autoformer, seq_len=60, pred_len=30
2026-01-07 19:05:49 | INFO     | models.tsm | Built Autoformer model with 67777 parameters
2026-01-07 19:05:50 | INFO     | models.tsm | Epoch 1/50 - Train: 0.155343, Val: 0.055278
2026-01-07 19:05:50 | INFO     | models.tsm | Epoch 2/50 - Train: 0.105826, Val: 0.057517
2026-01-07 19:05:51 | INFO     | models.tsm | Epoch 3/50 - Train: 0.103528, Val: 0.057251
2026-01-07 19:05:52 | INFO     | models.tsm | Epoch 4/50 - Train: 0.101752, Val: 0.057307
2026-01-07 19:05:53 | INFO     | models.tsm | Epoch 5/50 - Train: 0.101163, Val: 0.057759
2026-01-07 19:05:53 | INFO     | models.tsm | Epoch 6/50 - Train: 0.100841, Val: 0.056720
2026-01-07 19:05:54 | INFO     | models.tsm | Epoch 7/50 - Train: 0.100408, Val: 0.056710
2026-01-07 19:05:55 | INFO     | models.tsm | Epoch 8/50 - Train: 0.099414, Val: 0.056212
2026-01-07 19:05:55 | INFO     | models.tsm | Epoch 9/50 - Train: 0.098741, Val: 0.057072
2026-01-07 19:05:56 | INFO     | models.tsm | Epoch 10/50 - Train: 0.098971, Val: 0.057574
2026-01-07 19:05:57 | INFO     | models.tsm | Epoch 11/50 - Train: 0.097974, Val: 0.057035
2026-01-07 19:05:58 | INFO     | models.tsm | Epoch 12/50 - Train: 0.097860, Val: 0.057580
2026-01-07 19:05:59 | INFO     | models.tsm | Epoch 13/50 - Train: 0.097838, Val: 0.056171
2026-01-07 19:06:00 | INFO     | models.tsm | Epoch 14/50 - Train: 0.097735, Val: 0.056689
2026-01-07 19:06:01 | INFO     | models.tsm | Epoch 15/50 - Train: 0.097593, Val: 0.056611
2026-01-07 19:06:01 | INFO     | models.tsm | Epoch 16/50 - Train: 0.097000, Val: 0.056261
2026-01-07 19:06:01 | INFO     | models.tsm | Early stopping at epoch 16
2026-01-07 19:06:02 | INFO     | models.tsm | Building TSM model: type=autoformer, seq_len=60, pred_len=30
2026-01-07 19:06:02 | INFO     | models.tsm | Built Autoformer model with 67649 parameters
2026-01-07 19:06:02 | INFO     | models.tsm | Epoch 1/50 - Train: 0.214514, Val: 0.063976
2026-01-07 19:06:03 | INFO     | models.tsm | Epoch 2/50 - Train: 0.109448, Val: 0.057752
2026-01-07 19:06:04 | INFO     | models.tsm | Epoch 3/50 - Train: 0.105282, Val: 0.056380
2026-01-07 19:06:05 | INFO     | models.tsm | Epoch 4/50 - Train: 0.102993, Val: 0.056948
2026-01-07 19:06:05 | INFO     | models.tsm | Epoch 5/50 - Train: 0.102783, Val: 0.056678
2026-01-07 19:06:06 | INFO     | models.tsm | Epoch 6/50 - Train: 0.102351, Val: 0.056213
2026-01-07 19:06:07 | INFO     | models.tsm | Epoch 7/50 - Train: 0.101810, Val: 0.056993
2026-01-07 19:06:08 | INFO     | models.tsm | Epoch 8/50 - Train: 0.100583, Val: 0.056343
2026-01-07 19:06:08 | INFO     | models.tsm | Epoch 9/50 - Train: 0.100495, Val: 0.056360
2026-01-07 19:06:09 | INFO     | models.tsm | Epoch 10/50 - Train: 0.100193, Val: 0.056277
2026-01-07 19:06:10 | INFO     | models.tsm | Epoch 11/50 - Train: 0.099200, Val: 0.056758
2026-01-07 19:06:11 | INFO     | models.tsm | Epoch 12/50 - Train: 0.099150, Val: 0.056307
2026-01-07 19:06:12 | INFO     | models.tsm | Epoch 13/50 - Train: 0.098369, Val: 0.056675
2026-01-07 19:06:13 | INFO     | models.tsm | Epoch 14/50 - Train: 0.098639, Val: 0.056818
2026-01-07 19:06:14 | INFO     | models.tsm | Epoch 15/50 - Train: 0.097742, Val: 0.056192
2026-01-07 19:06:15 | INFO     | models.tsm | Epoch 16/50 - Train: 0.097639, Val: 0.055997
2026-01-07 19:06:16 | INFO     | models.tsm | Epoch 17/50 - Train: 0.097378, Val: 0.055839
2026-01-07 19:06:17 | INFO     | models.tsm | Epoch 18/50 - Train: 0.097748, Val: 0.056343
2026-01-07 19:06:18 | INFO     | models.tsm | Epoch 19/50 - Train: 0.096898, Val: 0.055888
2026-01-07 19:06:19 | INFO     | models.tsm | Epoch 20/50 - Train: 0.096336, Val: 0.056086
2026-01-07 19:06:20 | INFO     | models.tsm | Epoch 21/50 - Train: 0.096026, Val: 0.055971
2026-01-07 19:06:20 | INFO     | models.tsm | Epoch 22/50 - Train: 0.095353, Val: 0.055814
2026-01-07 19:06:21 | INFO     | models.tsm | Epoch 23/50 - Train: 0.095164, Val: 0.056542
2026-01-07 19:06:22 | INFO     | models.tsm | Epoch 24/50 - Train: 0.094805, Val: 0.056432
2026-01-07 19:06:23 | INFO     | models.tsm | Epoch 25/50 - Train: 0.094686, Val: 0.058222
2026-01-07 19:06:24 | INFO     | models.tsm | Epoch 26/50 - Train: 0.094520, Val: 0.056232
2026-01-07 19:06:25 | INFO     | models.tsm | Epoch 27/50 - Train: 0.093766, Val: 0.057219
2026-01-07 19:06:26 | INFO     | models.tsm | Epoch 28/50 - Train: 0.093323, Val: 0.058169
2026-01-07 19:06:26 | INFO     | models.tsm | Epoch 29/50 - Train: 0.093274, Val: 0.055656
2026-01-07 19:06:27 | INFO     | models.tsm | Epoch 30/50 - Train: 0.092942, Val: 0.056274
2026-01-07 19:06:28 | INFO     | models.tsm | Epoch 31/50 - Train: 0.092754, Val: 0.056150
2026-01-07 19:06:29 | INFO     | models.tsm | Epoch 32/50 - Train: 0.092420, Val: 0.056999
2026-01-07 19:06:29 | INFO     | models.tsm | Epoch 33/50 - Train: 0.092140, Val: 0.057290
2026-01-07 19:06:30 | INFO     | models.tsm | Epoch 34/50 - Train: 0.091412, Val: 0.056365
2026-01-07 19:06:31 | INFO     | models.tsm | Epoch 35/50 - Train: 0.091555, Val: 0.057463
2026-01-07 19:06:32 | INFO     | models.tsm | Epoch 36/50 - Train: 0.091417, Val: 0.057193
2026-01-07 19:06:33 | INFO     | models.tsm | Epoch 37/50 - Train: 0.091239, Val: 0.056272
2026-01-07 19:06:34 | INFO     | models.tsm | Epoch 38/50 - Train: 0.091130, Val: 0.057452
2026-01-07 19:06:34 | INFO     | models.tsm | Epoch 39/50 - Train: 0.091525, Val: 0.057531
2026-01-07 19:06:35 | INFO     | models.tsm | Epoch 40/50 - Train: 0.090615, Val: 0.056711
2026-01-07 19:06:36 | INFO     | models.tsm | Epoch 41/50 - Train: 0.091198, Val: 0.057066
2026-01-07 19:06:37 | INFO     | models.tsm | Epoch 42/50 - Train: 0.090368, Val: 0.057034
2026-01-07 19:06:38 | INFO     | models.tsm | Epoch 43/50 - Train: 0.090634, Val: 0.057285
2026-01-07 19:06:38 | INFO     | models.tsm | Epoch 44/50 - Train: 0.090982, Val: 0.057628
2026-01-07 19:06:38 | INFO     | models.tsm | Early stopping at epoch 44
2026-01-07 19:06:39 | INFO     | models.tsm | Building TSM model: type=autoformer, seq_len=60, pred_len=30
2026-01-07 19:06:39 | INFO     | models.tsm | Built Autoformer model with 67777 parameters
2026-01-07 19:06:40 | INFO     | models.tsm | Epoch 1/50 - Train: 0.183093, Val: 0.057171
2026-01-07 19:06:40 | INFO     | models.tsm | Epoch 2/50 - Train: 0.106510, Val: 0.056062
2026-01-07 19:06:41 | INFO     | models.tsm | Epoch 3/50 - Train: 0.103639, Val: 0.056781
2026-01-07 19:06:42 | INFO     | models.tsm | Epoch 4/50 - Train: 0.102644, Val: 0.056741
2026-01-07 19:06:43 | INFO     | models.tsm | Epoch 5/50 - Train: 0.100972, Val: 0.057190
2026-01-07 19:06:44 | INFO     | models.tsm | Epoch 6/50 - Train: 0.100302, Val: 0.056827
2026-01-07 19:06:45 | INFO     | models.tsm | Epoch 7/50 - Train: 0.099571, Val: 0.057057
2026-01-07 19:06:46 | INFO     | models.tsm | Epoch 8/50 - Train: 0.099250, Val: 0.057214
2026-01-07 19:06:46 | INFO     | models.tsm | Epoch 9/50 - Train: 0.098614, Val: 0.056556
2026-01-07 19:06:47 | INFO     | models.tsm | Epoch 10/50 - Train: 0.098375, Val: 0.056937
2026-01-07 19:06:48 | INFO     | models.tsm | Epoch 11/50 - Train: 0.098534, Val: 0.057002
2026-01-07 19:06:49 | INFO     | models.tsm | Epoch 12/50 - Train: 0.098062, Val: 0.056596
2026-01-07 19:06:50 | INFO     | models.tsm | Epoch 13/50 - Train: 0.097655, Val: 0.057193
2026-01-07 19:06:51 | INFO     | models.tsm | Epoch 14/50 - Train: 0.097867, Val: 0.056500
2026-01-07 19:06:51 | INFO     | models.tsm | Epoch 15/50 - Train: 0.097038, Val: 0.056592
2026-01-07 19:06:52 | INFO     | models.tsm | Epoch 16/50 - Train: 0.097160, Val: 0.056767
2026-01-07 19:06:53 | INFO     | models.tsm | Epoch 17/50 - Train: 0.097042, Val: 0.056885
2026-01-07 19:06:53 | INFO     | models.tsm | Early stopping at epoch 17
2026-01-07 19:06:53 | INFO     | models.tsm | Building TSM model: type=autoformer, seq_len=60, pred_len=30
2026-01-07 19:06:53 | INFO     | models.tsm | Built Autoformer model with 67649 parameters
2026-01-07 19:06:54 | INFO     | models.tsm | Epoch 1/50 - Train: 0.247028, Val: 0.056753
2026-01-07 19:06:55 | INFO     | models.tsm | Epoch 2/50 - Train: 0.110901, Val: 0.057245
2026-01-07 19:06:56 | INFO     | models.tsm | Epoch 3/50 - Train: 0.106752, Val: 0.056127
2026-01-07 19:06:57 | INFO     | models.tsm | Epoch 4/50 - Train: 0.104045, Val: 0.056428
2026-01-07 19:06:57 | INFO     | models.tsm | Epoch 5/50 - Train: 0.103409, Val: 0.056494
2026-01-07 19:06:58 | INFO     | models.tsm | Epoch 6/50 - Train: 0.101786, Val: 0.056631
2026-01-07 19:06:59 | INFO     | models.tsm | Epoch 7/50 - Train: 0.101589, Val: 0.056831
2026-01-07 19:07:00 | INFO     | models.tsm | Epoch 8/50 - Train: 0.101173, Val: 0.056451
2026-01-07 19:07:01 | INFO     | models.tsm | Epoch 9/50 - Train: 0.100458, Val: 0.056936
2026-01-07 19:07:02 | INFO     | models.tsm | Epoch 10/50 - Train: 0.099988, Val: 0.056764
