2026-03-06 19:03:28 | INFO     | src.run_experiment | Run ID: 20260306_190328_337d97
2026-03-06 19:03:28 | INFO     | src.run_experiment | Run directory: /Users/davidwilkinson/Desktop/ETS 2/runs/20260306_190328_337d97
2026-03-06 19:03:28 | INFO     | src.run_experiment | 
======================================================================
2026-03-06 19:03:28 | INFO     | src.run_experiment | STEP 2: Building data panel
2026-03-06 19:03:28 | INFO     | src.run_experiment | ======================================================================
2026-03-06 19:03:28 | INFO     | src.run_experiment | Using data directory: /Users/davidwilkinson/Desktop/ETS 2/uk_ets/Data_auto_uk
2026-03-06 19:03:28 | INFO     | data.panel | ============================================================
2026-03-06 19:03:28 | INFO     | data.panel | Building panel dataset
2026-03-06 19:03:28 | INFO     | data.panel | Target source: uka_futures (UKA_FUTURES)
2026-03-06 19:03:28 | INFO     | data.panel | ============================================================
2026-03-06 19:03:28 | INFO     | data.panel | 
[1/7] Loading target series (UKA Futures)...
2026-03-06 19:03:28 | INFO     | data.load_eua_futures | Loading UKA futures file: UK Emissions Allowances (UKA) Futures Historical Data AUTO.csv
2026-03-06 19:03:28 | INFO     | data.load_eua_futures | Loaded UKA futures: 1233 records from 2021-05-19 00:00:00 to 2026-03-04 00:00:00
2026-03-06 19:03:28 | INFO     | data.load_eua_futures | Combined UKA_FUTURES data: 1233 records from 2021-05-19 00:00:00 to 2026-03-04 00:00:00
2026-03-06 19:03:28 | INFO     | data.load_eua_futures | UKA_FUTURES target series: 1233 records, price range: 30.20 - 97.15 GBP
2026-03-06 19:03:28 | INFO     | data.panel | UKA Futures loaded: 1233 records
2026-03-06 19:03:28 | INFO     | data.panel | Applying target date filter: min_date=<none> max_date=2026-03-04
2026-03-06 19:03:28 | INFO     | data.panel | Master calendar: 1233 days from 2021-05-19 00:00:00 to 2026-03-04 00:00:00
2026-03-06 19:03:28 | INFO     | data.panel | Target coverage: 1233 / 1233 days
2026-03-06 19:03:28 | INFO     | data.panel | Adding UKA Futures OHLC and volume features...
2026-03-06 19:03:28 | INFO     | data.panel | Added UKA Futures features: ['eua_high', 'eua_low', 'eua_volume', 'eua_range', 'eua_range_pct']
2026-03-06 19:03:28 | INFO     | data.panel | 
[2/7] Loading FX rates...
2026-03-06 19:03:29 | INFO     | data.fx | Loaded EUR/USD FX rates: 6957 observations from 1999-01-04 00:00:00 to 2026-03-04 00:00:00
2026-03-06 19:03:29 | INFO     | data.panel | 
[3/7] Loading energy benchmarks...
2026-03-06 19:03:29 | WARNING  | data.load_energy | Brent: Dropped 1 rows with invalid dates
2026-03-06 19:03:29 | INFO     | data.load_energy | Loaded Brent crude: 9841 records from 1987-05-20 00:00:00 to 2026-03-02 00:00:00
2026-03-06 19:03:29 | INFO     | data.load_energy | Loaded Rotterdam coal: 3677 records from 2010-12-17 00:00:00 to 2025-12-26 00:00:00
2026-03-06 19:03:29 | WARNING  | data.fx | FX conversion: 30.0% of rows still missing FX rate after forward-fill
2026-03-06 19:03:29 | INFO     | data.fx | Converted 6890 prices from USD to EUR
2026-03-06 19:03:29 | INFO     | data.fx | Converted 3677 prices from USD to EUR
2026-03-06 19:03:29 | INFO     | data.panel | 
[4/7] Loading carbon indices...
2026-03-06 19:03:29 | INFO     | data.panel | 
[5/7] Loading auction data...
2026-03-06 19:03:29 | INFO     | data.load_auctions | Parsed emission-spot-primary-market-auction-report-uk-icap-primary-auto.csv: 116 auction records
2026-03-06 19:03:29 | INFO     | data.load_auctions | Loaded 116 total auction records from 1 files
2026-03-06 19:03:29 | INFO     | data.load_auctions | Date range: 2021-05-19 00:00:00 to 2025-12-10 00:00:00
2026-03-06 19:03:29 | INFO     | data.panel | Added auction proxy feature pack columns: ['uk_icap_primary', 'uk_icap_secondary', 'uk_icap_primary_print_day', 'uk_icap_secondary_print_day', 'uk_icap_primary_ffill', 'uk_icap_secondary_ffill', 'uk_icap_primary_secondary_spread', 'uk_icap_primary_secondary_spread_pct', 'uk_icap_primary_days_since_print', 'uk_icap_primary_lag_1', 'uk_icap_spread_lag_1', 'uk_icap_primary_lag_5', 'uk_icap_spread_lag_5', 'uk_icap_primary_lag_20', 'uk_icap_spread_lag_20', 'uk_icap_spread_z20', 'uk_icap_dow_sin', 'uk_icap_dow_cos']
2026-03-06 19:03:29 | INFO     | data.panel | 
[6/7] Loading VSTOXX...
2026-03-06 19:03:29 | INFO     | data.panel | 
[7/7] Creating target features...
2026-03-06 19:03:30 | INFO     | data.panel | Saved panel to /Users/davidwilkinson/Desktop/ETS 2/runs/20260306_190328_337d97/data
2026-03-06 19:03:30 | INFO     | data.panel | ============================================================
2026-03-06 19:03:30 | INFO     | data.panel | Panel built: 1233 rows, 46 columns
2026-03-06 19:03:30 | INFO     | data.panel | Target coverage: 100.0%
2026-03-06 19:03:30 | INFO     | data.panel | ============================================================
2026-03-06 19:03:32 | INFO     | data.panel | Saved coverage heatmap to /Users/davidwilkinson/Desktop/ETS 2/runs/20260306_190328_337d97/paper_snapshot/fig_data_coverage.png
2026-03-06 19:03:32 | INFO     | src.run_experiment | 
======================================================================
2026-03-06 19:03:32 | INFO     | src.run_experiment | STEP 3: Creating windows and splitting data
2026-03-06 19:03:32 | INFO     | src.run_experiment | ======================================================================
2026-03-06 19:03:32 | INFO     | data.windows | Creating windows with 13 features, mode=MS
2026-03-06 19:03:32 | INFO     | data.windows | Creating 1184 windows
2026-03-06 19:03:33 | INFO     | data.windows | Window shapes: X_enc=(1184, 20, 13), X_dec=(1184, 40, 13), y=(1184, 30)
2026-03-06 19:03:33 | INFO     | data.windows | train: 754 windows
2026-03-06 19:03:33 | INFO     | data.windows | val: 228 windows
2026-03-06 19:03:33 | INFO     | data.windows | test: 144 windows
2026-03-06 19:03:33 | INFO     | data.windows | Dropped 58 boundary-crossing windows to prevent split leakage
2026-03-06 19:03:33 | INFO     | data.windows | Saved datasets to /Users/davidwilkinson/Desktop/ETS 2/runs/20260306_190328_337d97/data/datasets
2026-03-06 19:03:33 | INFO     | src.run_experiment | 
======================================================================
2026-03-06 19:03:33 | INFO     | src.run_experiment | STEP 4: Training and evaluating baselines
2026-03-06 19:03:33 | INFO     | src.run_experiment | ======================================================================
2026-03-06 19:03:33 | INFO     | models.baselines | Fitted 30 linear models
2026-03-06 19:03:33 | INFO     | models.baselines | Fitted 30 linear models
2026-03-06 19:03:33 | INFO     | src.run_experiment | 
Baseline Results (MSE by horizon):
2026-03-06 19:03:33 | INFO     | src.run_experiment | 
naive_persistence:
2026-03-06 19:03:33 | INFO     | src.run_experiment |                mse      rmse       mae       mape
horizon                                          
1         1.061393  1.030239  0.784861   1.395426
5         5.211897  2.282958  1.670000   2.902349
20       44.275852  6.654010  4.407986   7.949556
30       79.988098  8.943606  6.379861  12.072685
2026-03-06 19:03:33 | INFO     | src.run_experiment | Path MSE (avg over 30d): 32.011234
2026-03-06 19:03:33 | INFO     | src.run_experiment | 
seasonal_naive:
2026-03-06 19:03:33 | INFO     | src.run_experiment |                mse      rmse       mae       mape
horizon                                          
1         5.168531  2.273440  1.651319   2.900124
5         5.211897  2.282958  1.670000   2.902349
20       44.275851  6.654010  4.407986   7.949555
30       79.988096  8.943606  6.379861  12.072684
2026-03-06 19:03:33 | INFO     | src.run_experiment | Path MSE (avg over 30d): 34.192187
2026-03-06 19:03:33 | INFO     | src.run_experiment | 
linear_ridge:
2026-03-06 19:03:33 | INFO     | src.run_experiment |                mse      rmse       mae      mape
horizon                                         
1         1.061537  1.030309  0.781283  1.383041
5         4.593630  2.143276  1.566317  2.703976
20       30.154392  5.491301  3.327935  6.072468
30       56.909393  7.543831  4.787678  9.189169
2026-03-06 19:03:33 | INFO     | src.run_experiment | Path MSE (avg over 30d): 22.419955
2026-03-06 19:03:33 | INFO     | src.run_experiment | 
linear_lasso:
2026-03-06 19:03:33 | INFO     | src.run_experiment |                mse      rmse       mae      mape
horizon                                         
1         1.154097  1.074289  0.830618  1.484731
5         4.739419  2.177021  1.611880  2.798531
20       32.113112  5.666843  3.435469  6.166131
30       62.097380  7.880189  5.235035  9.896494
2026-03-06 19:03:33 | INFO     | src.run_experiment | Path MSE (avg over 30d): 24.320129
2026-03-06 19:03:33 | INFO     | src.run_experiment | 
======================================================================
2026-03-06 19:03:33 | INFO     | src.run_experiment | STEP 5: TSM model training
2026-03-06 19:03:33 | INFO     | src.run_experiment | ======================================================================
2026-03-06 19:03:33 | INFO     | models.tsm | Building TSM model: type=dlinear, seq_len=20, pred_len=30
2026-03-06 19:03:33 | INFO     | models.tsm | Built DLinear model with 16380 parameters
2026-03-06 19:03:59 | INFO     | models.tsm | Epoch 1/40 - Train: 1.352825, Val: 0.803730
2026-03-06 19:04:25 | INFO     | models.tsm | Epoch 2/40 - Train: 1.324230, Val: 0.788821
2026-03-06 19:04:49 | INFO     | models.tsm | Epoch 3/40 - Train: 1.299978, Val: 0.774725
2026-03-06 19:05:04 | INFO     | models.tsm | Epoch 4/40 - Train: 1.276752, Val: 0.761677
2026-03-06 19:05:10 | INFO     | models.tsm | Epoch 5/40 - Train: 1.253854, Val: 0.749346
2026-03-06 19:05:14 | INFO     | models.tsm | Epoch 6/40 - Train: 1.234928, Val: 0.737894
2026-03-06 19:05:19 | INFO     | models.tsm | Epoch 7/40 - Train: 1.217772, Val: 0.727377
