2026-03-22 18:30:10 | INFO     | src.run_experiment | Run ID: 20260322_183010_96e7bb
2026-03-22 18:30:10 | INFO     | src.run_experiment | Run directory: /Users/davidwilkinson/Desktop/ETS 2/runs/20260322_183010_96e7bb
2026-03-22 18:30:10 | INFO     | src.run_experiment | 
======================================================================
2026-03-22 18:30:10 | INFO     | src.run_experiment | STEP 2: Building data panel
2026-03-22 18:30:10 | INFO     | src.run_experiment | ======================================================================
2026-03-22 18:30:10 | INFO     | src.run_experiment | Using data directory: /Users/davidwilkinson/Desktop/ETS 2/uk_ets/Data_auto_uk
2026-03-22 18:30:10 | INFO     | data.panel | ============================================================
2026-03-22 18:30:10 | INFO     | data.panel | Building panel dataset
2026-03-22 18:30:10 | INFO     | data.panel | Target source: uka_futures (UKA_FUTURES)
2026-03-22 18:30:10 | INFO     | data.panel | ============================================================
2026-03-22 18:30:10 | INFO     | data.panel | 
[1/7] Loading target series (UKA Futures)...
2026-03-22 18:30:10 | INFO     | data.load_eua_futures | Loading UKA futures file: UK Emissions Allowances (UKA) Futures Historical Data AUTO.csv
2026-03-22 18:30:10 | INFO     | data.load_eua_futures | Loaded UKA futures: 1240 records from 2021-05-19 00:00:00 to 2026-03-13 00:00:00
2026-03-22 18:30:10 | INFO     | data.load_eua_futures | Combined UKA_FUTURES data: 1240 records from 2021-05-19 00:00:00 to 2026-03-13 00:00:00
2026-03-22 18:30:10 | INFO     | data.load_eua_futures | UKA_FUTURES target series: 1240 records, price range: 30.20 - 97.15 GBP
2026-03-22 18:30:10 | INFO     | data.panel | UKA Futures loaded: 1240 records
2026-03-22 18:30:10 | INFO     | data.panel | Applying target date filter: min_date=<none> max_date=2025-06-30
2026-03-22 18:30:10 | INFO     | data.panel | Master calendar: 1060 days from 2021-05-19 00:00:00 to 2025-06-30 00:00:00
2026-03-22 18:30:10 | INFO     | data.panel | Target coverage: 1060 / 1060 days
2026-03-22 18:30:10 | INFO     | data.panel | Adding UKA Futures OHLC and volume features...
2026-03-22 18:30:10 | INFO     | data.panel | Added UKA Futures features: ['eua_high', 'eua_low', 'eua_volume', 'eua_range', 'eua_range_pct']
2026-03-22 18:30:10 | INFO     | data.panel | 
[2/7] Loading FX rates...
2026-03-22 18:30:10 | INFO     | data.fx | Loaded EUR/USD FX rates: 6964 observations from 1999-01-04 00:00:00 to 2026-03-13 00:00:00
2026-03-22 18:30:10 | INFO     | data.panel | 
[3/7] Loading energy benchmarks...
2026-03-22 18:30:10 | WARNING  | data.load_energy | Brent: Dropped 1 rows with invalid dates
2026-03-22 18:30:10 | INFO     | data.load_energy | Loaded Brent crude: 9841 records from 1987-05-20 00:00:00 to 2026-03-02 00:00:00
2026-03-22 18:30:10 | INFO     | data.load_energy | Loaded Rotterdam coal: 3677 records from 2010-12-17 00:00:00 to 2025-12-26 00:00:00
2026-03-22 18:30:10 | INFO     | data.load_energy | Loaded UK SAP gas: 2989 records from 2018-01-01 00:00:00 to 2026-03-08 00:00:00
2026-03-22 18:30:10 | INFO     | data.load_energy | Loaded UK system power: 2259 records from 2020-01-01 00:00:00 to 2026-03-08 00:00:00
2026-03-22 18:30:10 | WARNING  | data.fx | FX conversion: 30.0% of rows still missing FX rate after forward-fill
2026-03-22 18:30:10 | INFO     | data.fx | Converted 6890 prices from USD to EUR
2026-03-22 18:30:10 | INFO     | data.fx | Converted 3677 prices from USD to EUR
2026-03-22 18:30:10 | INFO     | data.load_weather | Loaded weather feature pack: 1762 records from 2021-05-19 00:00:00 to 2026-03-15 00:00:00
2026-03-22 18:30:10 | INFO     | data.panel | Added UK weather feature pack columns: ['uk_temp_mean_c', 'uk_temp_min_c', 'uk_temp_max_c', 'uk_hdd18', 'uk_hdd18_7d_ma', 'uk_temp_mean_7d_ma']
2026-03-22 18:30:10 | INFO     | data.panel | 
[4/7] Loading carbon indices...
2026-03-22 18:30:10 | INFO     | data.panel | 
[5/7] Loading auction data...
2026-03-22 18:30:10 | INFO     | data.load_auctions | Parsed emission-spot-primary-market-auction-report-uk-icap-primary-auto.csv: 116 auction records
2026-03-22 18:30:10 | INFO     | data.load_auctions | Loaded 116 total auction records from 1 files
2026-03-22 18:30:10 | INFO     | data.load_auctions | Date range: 2021-05-19 00:00:00 to 2025-12-10 00:00:00
2026-03-22 18:30:10 | INFO     | data.panel | Added auction proxy feature pack columns: ['uk_icap_primary', 'uk_icap_secondary', 'uk_icap_primary_print_day', 'uk_icap_secondary_print_day', 'uk_icap_primary_ffill', 'uk_icap_secondary_ffill', 'uk_icap_primary_secondary_spread', 'uk_icap_primary_secondary_spread_pct', 'uk_icap_primary_days_since_print', 'uk_icap_primary_lag_1', 'uk_icap_spread_lag_1', 'uk_icap_primary_lag_5', 'uk_icap_spread_lag_5', 'uk_icap_primary_lag_20', 'uk_icap_spread_lag_20', 'uk_icap_spread_z20', 'uk_icap_dow_sin', 'uk_icap_dow_cos']
2026-03-22 18:30:10 | INFO     | data.panel | 
[6/7] Loading VSTOXX...
2026-03-22 18:30:10 | INFO     | data.panel | 
[7/7] Creating target features...
2026-03-22 18:30:10 | INFO     | data.panel | Saved panel to /Users/davidwilkinson/Desktop/ETS 2/runs/20260322_183010_96e7bb/data
2026-03-22 18:30:10 | INFO     | data.panel | ============================================================
2026-03-22 18:30:10 | INFO     | data.panel | Panel built: 1060 rows, 96 columns
2026-03-22 18:30:10 | INFO     | data.panel | Target coverage: 100.0%
2026-03-22 18:30:10 | INFO     | data.panel | ============================================================
2026-03-22 18:30:10 | WARNING  | matplotlib | /Users/davidwilkinson/.matplotlib is not a writable directory
2026-03-22 18:30:10 | WARNING  | matplotlib | Matplotlib created a temporary cache directory at /var/folders/p7/g8br33yn41x0g7gcc01ghcdr0000gn/T/matplotlib-xhailuzp because there was an issue with the default path (/Users/davidwilkinson/.matplotlib); it is highly recommended to set the MPLCONFIGDIR environment variable to a writable directory, in particular to speed up the import of Matplotlib and to better support multiprocessing.
2026-03-22 18:30:15 | WARNING  | matplotlib.font_manager | Matplotlib is building the font cache; this may take a moment.
2026-03-22 18:30:31 | INFO     | matplotlib.font_manager | Failed to extract font properties from /System/Library/Fonts/Apple Color Emoji.ttc: Could not set the fontsize (invalid pixel size; error code 0x17)
2026-03-22 18:30:31 | INFO     | matplotlib.font_manager | Failed to extract font properties from /System/Library/Fonts/Supplemental/NISC18030.ttf: Could not set the fontsize (invalid pixel size; error code 0x17)
2026-03-22 18:30:31 | INFO     | matplotlib.font_manager | Failed to extract font properties from /System/Library/Fonts/SFIndia.ttc: Can not load face (SFNT font table missing; error code 0x8e)
2026-03-22 18:30:31 | INFO     | matplotlib.font_manager | Failed to extract font properties from /System/Library/PrivateFrameworks/FontServices.framework/Resources/Reserved/PingFangUI.ttc: Can not load face (locations (loca) table missing; error code 0x90)
2026-03-22 18:30:31 | INFO     | matplotlib.font_manager | Failed to extract font properties from /System/Library/Fonts/LastResort.otf: tuple indices must be integers or slices, not str
2026-03-22 18:30:31 | INFO     | matplotlib.font_manager | generated new fontManager
