2026-01-02 17:25:08 | INFO     | __main__ | Run ID: 20260102_172508_4f00ab
2026-01-02 17:25:08 | INFO     | __main__ | Run directory: /Users/davidwilkinson/Desktop/ETS 2/runs/20260102_172508_4f00ab
2026-01-02 17:25:08 | INFO     | __main__ | 
======================================================================
2026-01-02 17:25:08 | INFO     | __main__ | STEP 2: Building data panel
2026-01-02 17:25:08 | INFO     | __main__ | ======================================================================
2026-01-02 17:25:08 | INFO     | data.panel | ============================================================
2026-01-02 17:25:08 | INFO     | data.panel | Building panel dataset
2026-01-02 17:25:08 | INFO     | data.panel | ============================================================
2026-01-02 17:25:08 | INFO     | data.panel | 
[1/7] Loading target series (ICAP)...
2026-01-02 17:25:08 | INFO     | data.load_icap | Loaded ICAP file: 3481 records from 2005-03-09 00:00:00 to 2018-12-28 00:00:00
2026-01-02 17:25:08 | INFO     | data.load_icap | Loaded ICAP file: 1503 records from 2019-01-07 00:00:00 to 2025-09-30 00:00:00
2026-01-02 17:25:08 | INFO     | data.load_icap | Combined ICAP data: 4984 records from 2005-03-09 00:00:00 to 2025-09-30 00:00:00
2026-01-02 17:25:08 | INFO     | data.load_icap | ICAP target series: 2866 daily prices
2026-01-02 17:25:08 | INFO     | data.panel | Master calendar: 2866 days from 2010-01-05 00:00:00 to 2025-09-30 00:00:00
2026-01-02 17:25:08 | INFO     | data.panel | 
[2/7] Loading FX rates...
2026-01-02 17:25:09 | INFO     | data.fx | Loaded EUR/USD FX rates: 6910 observations from 1999-01-04 00:00:00 to 2025-12-24 00:00:00
2026-01-02 17:25:09 | INFO     | data.panel | 
[3/7] Loading energy benchmarks...
2026-01-02 17:25:09 | WARNING  | data.load_energy | Brent: Dropped 2 rows with invalid dates
2026-01-02 17:25:09 | INFO     | data.load_energy | Loaded Brent crude: 9774 records from 1987-05-20 00:00:00 to 2025-11-24 00:00:00
2026-01-02 17:25:09 | INFO     | data.load_energy | Loaded Rotterdam coal: 4967 records from 2006-07-18 00:00:00 to 2025-11-27 00:00:00
2026-01-02 17:25:09 | WARNING  | data.fx | FX conversion: 30.2% of rows still missing FX rate after forward-fill
2026-01-02 17:25:09 | INFO     | data.fx | Converted 6823 prices from USD to EUR
2026-01-02 17:25:09 | INFO     | data.fx | Converted 4967 prices from USD to EUR
2026-01-02 17:25:09 | INFO     | data.panel | 
[4/7] Loading carbon indices...
2026-01-02 17:25:09 | INFO     | data.load_indices | Loaded KEUA: 1042 records from 2021-10-05 00:00:00 to 2025-11-26 00:00:00
2026-01-02 17:25:09 | INFO     | data.load_indices | Loaded KRBN: 1339 records from 2020-07-31 00:00:00 to 2025-11-26 00:00:00
2026-01-02 17:25:09 | INFO     | data.load_indices | Loaded GRN: 1558 records from 2019-09-18 00:00:00 to 2025-11-26 00:00:00
2026-01-02 17:25:09 | INFO     | data.load_indices | Loaded 3 carbon market indices
2026-01-02 17:25:09 | INFO     | data.fx | Converted 1042 prices from USD to EUR
2026-01-02 17:25:09 | INFO     | data.fx | Converted 1339 prices from USD to EUR
2026-01-02 17:25:09 | INFO     | data.fx | Converted 1558 prices from USD to EUR
2026-01-02 17:25:09 | INFO     | data.panel | 
[5/7] Loading auction data...
2026-01-02 17:25:09 | INFO     | data.load_auctions | Parsed emission-spot-primary-market-auction-report-2017-data(Primary Market Auction).csv: 206 auction records
2026-01-02 17:25:09 | INFO     | data.load_auctions | Parsed emission-spot-primary-market-auction-report-2018-data(Primary Market Auction).csv: 209 auction records
2026-01-02 17:25:09 | INFO     | data.load_auctions | Parsed emission-spot-primary-market-auction-report-2019-data(Primary Market Auction).csv: 216 auction records
2026-01-02 17:25:09 | INFO     | data.load_auctions | Parsed emission-spot-primary-market-auction-report-2020-data(Primary Market Auction).csv: 218 auction records
2026-01-02 17:25:09 | INFO     | data.load_auctions | Parsed emission-spot-primary-market-auction-report-2021-data(Primary Market Auction).csv: 230 auction records
2026-01-02 17:25:09 | INFO     | data.load_auctions | Parsed emission-spot-primary-market-auction-report-2022-data(Primary Market Auction).csv: 222 auction records
2026-01-02 17:25:09 | INFO     | data.load_auctions | Parsed emission-spot-primary-market-auction-report-2023-data(Primary Market Auction).csv: 223 auction records
2026-01-02 17:25:09 | INFO     | data.load_auctions | Parsed emission-spot-primary-market-auction-report-2024-data(Primary Market Auction).csv: 221 auction records
2026-01-02 17:25:09 | INFO     | data.load_auctions | Parsed emission-spot-primary-market-auction-report-2025-data(Primary Market Auction).csv: 200 auction records
2026-01-02 17:25:09 | INFO     | data.load_auctions | Loaded 1945 total auction records from 9 files
2026-01-02 17:25:09 | INFO     | data.load_auctions | Date range: 2017-01-09 00:00:00 to 2025-11-25 00:00:00
2026-01-02 17:25:09 | INFO     | data.panel | 
[6/7] Loading VSTOXX...
2026-01-02 17:25:09 | INFO     | data.load_vstoxx | Loaded VSTOXX: 6851 records from 1999-01-04 00:00:00 to 2025-11-26 00:00:00
2026-01-02 17:25:09 | INFO     | data.panel | 
[7/7] Creating target features...
2026-01-02 17:25:09 | INFO     | data.panel | Saved panel to /Users/davidwilkinson/Desktop/ETS 2/runs/20260102_172508_4f00ab/data
2026-01-02 17:25:09 | INFO     | data.panel | ============================================================
2026-01-02 17:25:09 | INFO     | data.panel | Panel built: 2866 rows, 33 columns
2026-01-02 17:25:09 | INFO     | data.panel | Target coverage: 100.0%
2026-01-02 17:25:09 | INFO     | data.panel | ============================================================
2026-01-02 17:25:09 | WARNING  | data.panel | matplotlib/seaborn not available for coverage plot
2026-01-02 17:25:09 | INFO     | __main__ | 
======================================================================
2026-01-02 17:25:09 | INFO     | __main__ | STEP 3: Creating windows and splitting data
2026-01-02 17:25:09 | INFO     | __main__ | ======================================================================
2026-01-02 17:25:09 | INFO     | data.windows | Creating windows with 11 features, mode=MS
2026-01-02 17:25:09 | INFO     | data.windows | Creating 2777 windows
2026-01-02 17:25:09 | INFO     | data.windows | Window shapes: X_enc=(2777, 60, 11), X_dec=(2777, 45, 11), y=(2777, 30)
2026-01-02 17:25:09 | INFO     | data.windows | train: 2188 windows
2026-01-02 17:25:09 | INFO     | data.windows | val: 227 windows
2026-01-02 17:25:09 | INFO     | data.windows | test: 362 windows
2026-01-02 17:25:09 | INFO     | data.windows | Saved datasets to /Users/davidwilkinson/Desktop/ETS 2/runs/20260102_172508_4f00ab/data/datasets
2026-01-02 17:25:09 | INFO     | __main__ | 
======================================================================
2026-01-02 17:25:09 | INFO     | __main__ | STEP 4: Training and evaluating baselines
2026-01-02 17:25:09 | INFO     | __main__ | ======================================================================
2026-01-02 17:25:09 | INFO     | __main__ | 
Baseline Results (MSE by horizon):
2026-01-02 17:25:09 | INFO     | __main__ | 
naive_persistence:
2026-01-02 17:25:09 | INFO     | __main__ |                mse      rmse       mae      mape
horizon                                         
1         4.281771  2.069244  1.443702  2.153482
5        10.254532  3.202270  2.462100  3.710416
20       36.828125  6.068618  4.850884  7.203065
30       49.543694  7.038728  5.680553  8.323922
2026-01-02 17:25:09 | INFO     | __main__ | 
seasonal_naive:
2026-01-02 17:25:09 | INFO     | __main__ |                mse      rmse       mae      mape
horizon                                         
1        10.571005  3.251308  2.497542  3.760777
5        10.254533  3.202270  2.462100  3.710416
20       36.828124  6.068618  4.850884  7.203066
30       49.543692  7.038728  5.680553  8.323922
2026-01-02 17:25:09 | INFO     | __main__ | 
======================================================================
2026-01-02 17:25:09 | INFO     | __main__ | STEP 5: TSM model training
2026-01-02 17:25:09 | INFO     | __main__ | ======================================================================
2026-01-02 17:25:09 | INFO     | models.tsm | Building TSM model: type=autoformer, seq_len=60, pred_len=30
2026-01-02 17:25:09 | INFO     | models.tsm | Built Autoformer model with 68033 parameters
2026-01-02 17:25:14 | INFO     | models.tsm | Epoch 1/50 - Train: 1.128457, Val: 6.153747
2026-01-02 17:25:14 | INFO     | models.tsm | Epoch 2/50 - Train: 1.124020, Val: 6.089684
2026-01-02 17:25:15 | INFO     | models.tsm | Epoch 3/50 - Train: 1.126074, Val: 6.032308
2026-01-02 17:25:15 | INFO     | models.tsm | Epoch 4/50 - Train: 1.123551, Val: 5.994411
2026-01-02 17:25:16 | INFO     | models.tsm | Epoch 5/50 - Train: 1.108934, Val: 5.979955
2026-01-02 17:25:16 | INFO     | models.tsm | Epoch 6/50 - Train: 1.107706, Val: 5.961717
